2024-08-20 18:56:50 INFO  Steps:24 - Chrome browser launched.
2024-08-20 18:56:52 INFO  Steps:30 - Opened Flipkart website: https://www.flipkart.com/
2024-08-20 18:56:52 INFO  Steps:80 - Hovered over login button.
2024-08-20 18:56:53 INFO  Steps:86 - Clicked on register button.
2024-08-20 18:56:53 INFO  Steps:42 - Entered mobile number: 12345
2024-08-20 18:56:53 INFO  Steps:92 - Clicked on continue button.
2024-08-20 18:56:53 WARN  Steps:112 - Unknown condition: check the error message 
2024-08-20 18:56:54 INFO  Steps:73 - Closed the browser and quit WebDriver.
2024-08-20 18:56:54 INFO  Steps:24 - Chrome browser launched.
2024-08-20 18:56:56 INFO  Steps:30 - Opened Flipkart website: https://www.flipkart.com/
2024-08-20 18:56:56 INFO  Steps:80 - Hovered over login button.
2024-08-20 18:56:57 INFO  Steps:86 - Clicked on register button.
2024-08-20 18:56:57 INFO  Steps:42 - Entered mobile number: 9618395572
2024-08-20 18:56:57 INFO  Steps:92 - Clicked on continue button.
2024-08-20 18:57:03 INFO  Steps:24 - Chrome browser launched.
2024-08-20 18:57:06 INFO  Steps:30 - Opened Flipkart website: https://www.flipkart.com/
2024-08-20 18:57:06 INFO  Steps:80 - Hovered over login button.
2024-08-20 18:57:09 INFO  Steps:86 - Clicked on register button.
2024-08-20 18:57:09 INFO  Steps:42 - Entered mobile number: 9618395570
2024-08-20 18:57:09 INFO  Steps:92 - Clicked on continue button.
2024-08-20 18:57:09 WARN  Steps:112 - Unknown condition: verify the requestOTP Button
2024-08-20 18:57:09 INFO  Steps:73 - Closed the browser and quit WebDriver.
2024-08-21 10:48:26 INFO  Steps:26 - Chrome browser launched.
2024-08-21 10:48:28 INFO  Steps:32 - Opened Flipkart website: https://www.flipkart.com/
2024-08-21 10:50:06 INFO  Steps:26 - Chrome browser launched.
2024-08-21 10:50:09 INFO  Steps:32 - Opened Flipkart website: https://www.flipkart.com/
2024-08-21 10:54:21 INFO  Steps:26 - Chrome browser launched.
2024-08-21 10:54:23 INFO  Steps:32 - Opened Flipkart website: https://www.flipkart.com/
2024-08-21 11:03:50 INFO  Steps:26 - Chrome browser launched.
2024-08-21 11:03:52 INFO  Steps:32 - Opened Flipkart website: https://www.flipkart.com/
2024-08-21 11:03:57 INFO  Steps:78 - Closed the browser and quit WebDriver.
2024-08-21 11:05:25 INFO  Steps:26 - Chrome browser launched.
2024-08-21 11:05:27 INFO  Steps:32 - Opened Flipkart website: https://www.flipkart.com/
2024-08-21 11:05:31 INFO  Steps:78 - Closed the browser and quit WebDriver.
2024-08-21 11:06:21 INFO  Steps:26 - Chrome browser launched.
2024-08-21 11:06:23 INFO  Steps:32 - Opened Flipkart website: https://www.flipkart.com/
2024-08-21 11:06:27 INFO  Steps:78 - Closed the browser and quit WebDriver.
2024-08-21 11:07:08 INFO  Steps:26 - Chrome browser launched.
2024-08-21 11:07:10 INFO  Steps:32 - Opened Flipkart website: https://www.flipkart.com/
2024-08-21 11:07:11 INFO  Steps:38 - Clicked on login button.
2024-08-21 11:07:11 INFO  Steps:45 - Entered mobile number: 9618395570
2024-08-21 11:07:11 INFO  Steps:51 - Clicked on request OTP button.
2024-08-21 11:07:12 INFO  Steps:26 - Chrome browser launched.
2024-08-21 11:07:13 INFO  Steps:32 - Opened Flipkart website: https://www.flipkart.com/
2024-08-21 11:07:14 INFO  Steps:38 - Clicked on login button.
2024-08-21 11:07:14 INFO  Steps:45 - Entered mobile number: 9618395570
2024-08-21 11:07:14 INFO  Steps:51 - Clicked on request OTP button.
2024-08-21 11:07:15 INFO  Steps:26 - Chrome browser launched.
2024-08-21 11:07:19 INFO  Steps:32 - Opened Flipkart website: https://www.flipkart.com/
2024-08-21 11:07:20 INFO  Steps:38 - Clicked on login button.
2024-08-21 11:07:20 INFO  Steps:45 - Entered mobile number: 1234567890
2024-08-21 11:07:20 INFO  Steps:51 - Clicked on request OTP button.
2024-08-21 11:07:21 INFO  Steps:26 - Chrome browser launched.
2024-08-21 11:07:32 INFO  Steps:32 - Opened Flipkart website: https://www.flipkart.com/
2024-08-21 11:07:33 INFO  Steps:38 - Clicked on login button.
2024-08-21 11:07:34 INFO  Steps:45 - Entered mobile number: 9876543210
2024-08-21 11:07:34 INFO  Steps:51 - Clicked on request OTP button.
2024-08-21 11:07:35 INFO  Steps:26 - Chrome browser launched.
2024-08-21 11:08:00 INFO  Steps:32 - Opened Flipkart website: https://www.flipkart.com/
2024-08-21 11:08:04 INFO  Steps:26 - Chrome browser launched.
2024-08-21 11:08:20 INFO  Steps:32 - Opened Flipkart website: https://www.flipkart.com/
2024-08-21 11:30:06 INFO  Steps:33 - Chrome browser launched.
2024-08-21 11:30:08 INFO  Steps:39 - Opened Flipkart website: https://www.flipkart.com/
2024-08-21 11:30:08 INFO  Steps:45 - Clicked on login button.
2024-08-21 11:30:08 INFO  Steps:52 - Entered mobile number: 9618395570
2024-08-21 11:30:08 INFO  Steps:58 - Clicked on request OTP button.
2024-08-21 11:30:09 INFO  Steps:33 - Chrome browser launched.
2024-08-21 11:30:10 INFO  Steps:39 - Opened Flipkart website: https://www.flipkart.com/
2024-08-21 11:30:11 INFO  Steps:45 - Clicked on login button.
2024-08-21 11:30:11 INFO  Steps:52 - Entered mobile number: 9618395570
2024-08-21 11:30:11 INFO  Steps:58 - Clicked on request OTP button.
2024-08-21 11:30:11 INFO  Steps:33 - Chrome browser launched.
2024-08-21 11:30:15 INFO  Steps:39 - Opened Flipkart website: https://www.flipkart.com/
2024-08-21 11:30:16 INFO  Steps:45 - Clicked on login button.
2024-08-21 11:30:17 INFO  Steps:52 - Entered mobile number: 1234567890
2024-08-21 11:30:17 INFO  Steps:58 - Clicked on request OTP button.
2024-08-21 11:30:17 INFO  Steps:33 - Chrome browser launched.
2024-08-21 11:30:18 INFO  Steps:39 - Opened Flipkart website: https://www.flipkart.com/
2024-08-21 11:30:19 INFO  Steps:45 - Clicked on login button.
2024-08-21 11:30:19 INFO  Steps:52 - Entered mobile number: 9876543210
2024-08-21 11:30:19 INFO  Steps:58 - Clicked on request OTP button.
2024-08-21 11:30:20 INFO  Steps:33 - Chrome browser launched.
2024-08-21 11:30:40 INFO  Steps:39 - Opened Flipkart website: https://www.flipkart.com/
2024-08-21 11:30:43 INFO  Steps:84 - Closed the browser and quit WebDriver.
2024-08-21 11:30:44 INFO  Steps:33 - Chrome browser launched.
2024-08-21 11:31:18 INFO  Steps:39 - Opened Flipkart website: https://www.flipkart.com/
2024-08-21 11:33:03 INFO  Steps:33 - Chrome browser launched.
2024-08-21 11:33:06 INFO  Steps:39 - Opened Flipkart website: https://www.flipkart.com/
2024-08-21 11:33:07 INFO  Steps:45 - Clicked on login button.
2024-08-21 11:33:07 INFO  Steps:52 - Entered mobile number: 9618395570
2024-08-21 11:33:07 INFO  Steps:58 - Clicked on request OTP button.
2024-08-21 11:33:08 INFO  Steps:33 - Chrome browser launched.
2024-08-21 11:33:09 INFO  Steps:39 - Opened Flipkart website: https://www.flipkart.com/
2024-08-21 11:33:10 INFO  Steps:45 - Clicked on login button.
2024-08-21 11:33:10 INFO  Steps:52 - Entered mobile number: 9618395570
2024-08-21 11:33:10 INFO  Steps:58 - Clicked on request OTP button.
2024-08-21 11:33:13 INFO  Steps:71 - Verify button is visible.
2024-08-21 11:33:13 INFO  Steps:86 - Closed the browser and quit WebDriver.
2024-08-21 11:33:13 INFO  Steps:33 - Chrome browser launched.
2024-08-21 11:33:15 INFO  Steps:39 - Opened Flipkart website: https://www.flipkart.com/
2024-08-21 11:33:16 INFO  Steps:45 - Clicked on login button.
2024-08-21 11:33:16 INFO  Steps:52 - Entered mobile number: 1234567890
2024-08-21 11:33:16 INFO  Steps:58 - Clicked on request OTP button.
2024-08-21 11:33:20 INFO  Steps:33 - Chrome browser launched.
2024-08-21 11:33:25 INFO  Steps:39 - Opened Flipkart website: https://www.flipkart.com/
2024-08-21 11:33:26 INFO  Steps:45 - Clicked on login button.
2024-08-21 11:33:26 INFO  Steps:52 - Entered mobile number: 9876543210
2024-08-21 11:33:26 INFO  Steps:58 - Clicked on request OTP button.
2024-08-21 11:33:29 INFO  Steps:71 - Verify button is visible.
2024-08-21 11:33:30 INFO  Steps:86 - Closed the browser and quit WebDriver.
2024-08-21 11:33:31 INFO  Steps:33 - Chrome browser launched.
2024-08-21 11:33:38 INFO  Steps:39 - Opened Flipkart website: https://www.flipkart.com/
2024-08-21 11:33:40 INFO  Steps:86 - Closed the browser and quit WebDriver.
2024-08-21 11:33:40 INFO  Steps:33 - Chrome browser launched.
2024-08-21 11:33:50 INFO  Steps:39 - Opened Flipkart website: https://www.flipkart.com/
2024-08-21 11:33:54 INFO  Steps:86 - Closed the browser and quit WebDriver.
2024-08-21 11:40:30 INFO  Steps:33 - Chrome browser launched.
2024-08-21 11:40:32 INFO  Steps:39 - Opened Flipkart website: https://www.flipkart.com/
2024-08-21 11:40:32 INFO  Steps:45 - Clicked on login button.
2024-08-21 11:40:32 INFO  Steps:52 - Entered mobile number: 9618395570
2024-08-21 11:40:33 INFO  Steps:58 - Clicked on request OTP button.
2024-08-21 11:40:33 INFO  Steps:33 - Chrome browser launched.
2024-08-21 11:40:36 INFO  Steps:39 - Opened Flipkart website: https://www.flipkart.com/
2024-08-21 11:40:37 INFO  Steps:45 - Clicked on login button.
2024-08-21 11:40:37 INFO  Steps:52 - Entered mobile number: 9618395570
2024-08-21 11:40:37 INFO  Steps:58 - Clicked on request OTP button.
2024-08-21 11:40:40 INFO  Steps:71 - Verify button is visible.
2024-08-21 11:40:40 INFO  Steps:86 - Closed the browser and quit WebDriver.
2024-08-21 11:40:41 INFO  Steps:33 - Chrome browser launched.
2024-08-21 11:40:42 INFO  Steps:39 - Opened Flipkart website: https://www.flipkart.com/
2024-08-21 11:40:43 INFO  Steps:45 - Clicked on login button.
2024-08-21 11:40:43 INFO  Steps:52 - Entered mobile number: 1234567890
2024-08-21 11:40:43 INFO  Steps:58 - Clicked on request OTP button.
2024-08-21 11:40:47 INFO  Steps:33 - Chrome browser launched.
2024-08-21 11:40:50 INFO  Steps:39 - Opened Flipkart website: https://www.flipkart.com/
2024-08-21 11:40:51 INFO  Steps:45 - Clicked on login button.
2024-08-21 11:40:51 INFO  Steps:52 - Entered mobile number: 9876543210
2024-08-21 11:40:51 INFO  Steps:58 - Clicked on request OTP button.
2024-08-21 11:40:55 INFO  Steps:33 - Chrome browser launched.
2024-08-21 11:41:03 INFO  Steps:39 - Opened Flipkart website: https://www.flipkart.com/
2024-08-21 11:41:05 INFO  Steps:86 - Closed the browser and quit WebDriver.
2024-08-21 11:41:07 INFO  Steps:33 - Chrome browser launched.
2024-08-21 11:41:24 INFO  Steps:39 - Opened Flipkart website: https://www.flipkart.com/
2024-08-21 11:41:35 INFO  Steps:86 - Closed the browser and quit WebDriver.
2024-08-21 11:44:38 INFO  Steps:33 - Chrome browser launched.
2024-08-21 11:44:40 INFO  Steps:39 - Opened Flipkart website: https://www.flipkart.com/
2024-08-21 11:44:40 INFO  Steps:45 - Clicked on login button.
2024-08-21 11:44:40 INFO  Steps:52 - Entered mobile number: 9618395570
2024-08-21 11:44:40 INFO  Steps:58 - Clicked on request OTP button.
2024-08-21 11:44:41 INFO  Steps:33 - Chrome browser launched.
2024-08-21 11:44:42 INFO  Steps:39 - Opened Flipkart website: https://www.flipkart.com/
2024-08-21 11:44:43 INFO  Steps:45 - Clicked on login button.
2024-08-21 11:44:43 INFO  Steps:52 - Entered mobile number: 9618395570
2024-08-21 11:44:43 INFO  Steps:58 - Clicked on request OTP button.
2024-08-21 11:44:46 INFO  Steps:71 - Verify button is visible.
2024-08-21 11:44:46 INFO  Steps:86 - Closed the browser and quit WebDriver.
2024-08-21 11:44:47 INFO  Steps:33 - Chrome browser launched.
2024-08-21 11:44:48 INFO  Steps:39 - Opened Flipkart website: https://www.flipkart.com/
2024-08-21 11:44:49 INFO  Steps:45 - Clicked on login button.
2024-08-21 11:44:49 INFO  Steps:52 - Entered mobile number: 1234567890
2024-08-21 11:44:49 INFO  Steps:58 - Clicked on request OTP button.
2024-08-21 11:44:55 INFO  Steps:33 - Chrome browser launched.
2024-08-21 11:45:08 INFO  Steps:39 - Opened Flipkart website: https://www.flipkart.com/
2024-08-21 11:45:10 INFO  Steps:45 - Clicked on login button.
2024-08-21 11:45:10 INFO  Steps:52 - Entered mobile number: 9876543210
2024-08-21 11:45:10 INFO  Steps:58 - Clicked on request OTP button.
2024-08-21 11:45:13 INFO  Steps:71 - Verify button is visible.
2024-08-21 11:45:13 INFO  Steps:86 - Closed the browser and quit WebDriver.
2024-08-21 11:45:14 INFO  Steps:33 - Chrome browser launched.
2024-08-21 11:45:18 INFO  Steps:39 - Opened Flipkart website: https://www.flipkart.com/
2024-08-21 11:45:20 INFO  Steps:86 - Closed the browser and quit WebDriver.
2024-08-21 11:45:21 INFO  Steps:33 - Chrome browser launched.
2024-08-21 11:45:30 INFO  Steps:39 - Opened Flipkart website: https://www.flipkart.com/
2024-08-21 11:45:49 INFO  Steps:86 - Closed the browser and quit WebDriver.
2024-08-21 11:51:40 INFO  Steps:33 - Chrome browser launched.
2024-08-21 11:51:41 INFO  Steps:39 - Opened Flipkart website: https://www.flipkart.com/
2024-08-21 11:51:42 INFO  Steps:45 - Clicked on login button.
2024-08-21 11:51:42 INFO  Steps:52 - Entered mobile number: 9618395570
2024-08-21 11:51:42 INFO  Steps:58 - Clicked on request OTP button.
2024-08-21 11:51:46 INFO  Steps:33 - Chrome browser launched.
2024-08-21 11:51:47 INFO  Steps:39 - Opened Flipkart website: https://www.flipkart.com/
2024-08-21 11:51:48 INFO  Steps:45 - Clicked on login button.
2024-08-21 11:51:48 INFO  Steps:52 - Entered mobile number: 9618395570
2024-08-21 11:51:48 INFO  Steps:58 - Clicked on request OTP button.
2024-08-21 11:51:52 INFO  Steps:33 - Chrome browser launched.
2024-08-21 11:51:56 INFO  Steps:39 - Opened Flipkart website: https://www.flipkart.com/
2024-08-21 11:52:02 INFO  Steps:45 - Clicked on login button.
2024-08-21 11:52:02 INFO  Steps:52 - Entered mobile number: 1234567890
2024-08-21 11:52:02 INFO  Steps:58 - Clicked on request OTP button.
2024-08-21 11:52:07 INFO  Steps:80 - Error message is displayed.
2024-08-21 11:52:07 INFO  Steps:87 - Closed the browser and quit WebDriver.
2024-08-21 11:52:09 INFO  Steps:33 - Chrome browser launched.
2024-08-21 11:52:17 INFO  Steps:39 - Opened Flipkart website: https://www.flipkart.com/
2024-08-21 11:52:24 INFO  Steps:45 - Clicked on login button.
2024-08-21 11:52:24 INFO  Steps:52 - Entered mobile number: 9876543210
2024-08-21 11:52:24 INFO  Steps:58 - Clicked on request OTP button.
2024-08-21 11:52:27 INFO  Steps:33 - Chrome browser launched.
2024-08-21 11:52:29 INFO  Steps:39 - Opened Flipkart website: https://www.flipkart.com/
2024-08-21 11:52:31 INFO  Steps:87 - Closed the browser and quit WebDriver.
2024-08-21 11:52:32 INFO  Steps:33 - Chrome browser launched.
2024-08-21 11:52:33 INFO  Steps:39 - Opened Flipkart website: https://www.flipkart.com/
2024-08-21 11:52:42 INFO  Steps:87 - Closed the browser and quit WebDriver.
2024-08-21 11:59:30 INFO  Steps:33 - Chrome browser launched.
2024-08-21 11:59:32 INFO  Steps:39 - Opened Flipkart website: https://www.flipkart.com/
2024-08-21 11:59:32 INFO  Steps:45 - Clicked on login button.
2024-08-21 11:59:32 INFO  Steps:52 - Entered mobile number: 9618395570
2024-08-21 11:59:32 INFO  Steps:58 - Clicked on request OTP button.
2024-08-21 11:59:36 INFO  Steps:33 - Chrome browser launched.
2024-08-21 11:59:38 INFO  Steps:39 - Opened Flipkart website: https://www.flipkart.com/
2024-08-21 11:59:39 INFO  Steps:45 - Clicked on login button.
2024-08-21 11:59:39 INFO  Steps:52 - Entered mobile number: 9618395570
2024-08-21 11:59:39 INFO  Steps:58 - Clicked on request OTP button.
2024-08-21 11:59:44 INFO  Steps:33 - Chrome browser launched.
2024-08-21 11:59:45 INFO  Steps:39 - Opened Flipkart website: https://www.flipkart.com/
2024-08-21 11:59:46 INFO  Steps:33 - Chrome browser launched.
2024-08-21 11:59:46 INFO  Steps:39 - Opened Flipkart website: https://www.flipkart.com/
2024-08-21 11:59:47 INFO  Steps:33 - Chrome browser launched.
2024-08-21 11:59:47 INFO  Steps:39 - Opened Flipkart website: https://www.flipkart.com/
2024-08-21 11:59:49 INFO  Steps:87 - Closed the browser and quit WebDriver.
2024-08-21 11:59:50 INFO  Steps:33 - Chrome browser launched.
2024-08-21 11:59:53 INFO  Steps:39 - Opened Flipkart website: https://www.flipkart.com/
2024-08-21 12:03:32 INFO  Steps:33 - Chrome browser launched.
2024-08-21 12:03:33 INFO  Steps:39 - Opened Flipkart website: https://www.flipkart.com/
2024-08-21 12:03:34 INFO  Steps:45 - Clicked on login button.
2024-08-21 12:03:34 INFO  Steps:52 - Entered mobile number: 1234567890
2024-08-21 12:03:34 INFO  Steps:58 - Clicked on request OTP button.
2024-08-21 12:03:39 INFO  Steps:80 - Error message is displayed.
2024-08-21 12:03:39 INFO  Steps:87 - Closed the browser and quit WebDriver.
2024-08-21 12:03:39 INFO  Steps:33 - Chrome browser launched.
2024-08-21 12:03:41 INFO  Steps:39 - Opened Flipkart website: https://www.flipkart.com/
2024-08-21 12:03:43 INFO  Steps:87 - Closed the browser and quit WebDriver.
2024-08-21 12:03:44 INFO  Steps:33 - Chrome browser launched.
2024-08-21 12:03:45 INFO  Steps:39 - Opened Flipkart website: https://www.flipkart.com/
2024-08-21 12:03:49 INFO  Steps:87 - Closed the browser and quit WebDriver.
2024-08-21 12:04:44 INFO  Steps:33 - Chrome browser launched.
2024-08-21 12:04:46 INFO  Steps:39 - Opened Flipkart website: https://www.flipkart.com/
2024-08-21 12:04:47 INFO  Steps:45 - Clicked on login button.
2024-08-21 12:04:47 INFO  Steps:52 - Entered mobile number: 1234567890
2024-08-21 12:04:47 INFO  Steps:58 - Clicked on request OTP button.
2024-08-21 12:04:52 INFO  Steps:80 - Error message is displayed.
2024-08-21 12:04:52 INFO  Steps:87 - Closed the browser and quit WebDriver.
2024-08-21 12:04:52 INFO  Steps:33 - Chrome browser launched.
2024-08-21 12:04:54 INFO  Steps:39 - Opened Flipkart website: https://www.flipkart.com/
2024-08-21 12:04:56 INFO  Steps:87 - Closed the browser and quit WebDriver.
2024-08-21 12:04:57 INFO  Steps:33 - Chrome browser launched.
2024-08-21 12:04:58 INFO  Steps:39 - Opened Flipkart website: https://www.flipkart.com/
2024-08-21 12:05:02 INFO  Steps:87 - Closed the browser and quit WebDriver.
2024-08-21 12:22:09 INFO  Steps:33 - Chrome browser launched.
2024-08-21 12:22:11 INFO  Steps:39 - Opened Flipkart website: https://www.flipkart.com/
2024-08-21 12:22:12 INFO  Steps:45 - Clicked on login button.
2024-08-21 12:22:12 INFO  Steps:52 - Entered mobile number: 1234567890
2024-08-21 12:22:12 INFO  Steps:58 - Clicked on request OTP button.
2024-08-21 12:22:17 INFO  Steps:81 - Error message is displayed.
2024-08-21 12:22:17 INFO  Steps:88 - Closed the browser and quit WebDriver.
2024-08-21 12:22:18 INFO  Steps:33 - Chrome browser launched.
2024-08-21 12:22:25 INFO  Steps:39 - Opened Flipkart website: https://www.flipkart.com/
2024-08-21 12:22:27 INFO  Steps:88 - Closed the browser and quit WebDriver.
2024-08-21 12:22:28 INFO  Steps:33 - Chrome browser launched.
2024-08-21 12:22:29 INFO  Steps:39 - Opened Flipkart website: https://www.flipkart.com/
2024-08-21 12:22:33 INFO  Steps:88 - Closed the browser and quit WebDriver.
2024-08-21 12:26:02 INFO  Steps:33 - Chrome browser launched.
2024-08-21 12:26:04 INFO  Steps:39 - Opened Flipkart website: https://www.flipkart.com/
2024-08-21 12:26:04 INFO  Steps:45 - Clicked on login button.
2024-08-21 12:26:04 INFO  Steps:52 - Entered mobile number: 1234567890
2024-08-21 12:26:04 INFO  Steps:58 - Clicked on request OTP button.
2024-08-21 12:26:10 INFO  Steps:81 - Error message is displayed.
2024-08-21 12:26:10 INFO  Steps:88 - Closed the browser and quit WebDriver.
2024-08-21 12:26:10 INFO  Steps:33 - Chrome browser launched.
2024-08-21 12:26:12 INFO  Steps:39 - Opened Flipkart website: https://www.flipkart.com/
2024-08-21 12:26:14 INFO  Steps:88 - Closed the browser and quit WebDriver.
2024-08-21 12:26:14 INFO  Steps:33 - Chrome browser launched.
2024-08-21 12:26:16 INFO  Steps:39 - Opened Flipkart website: https://www.flipkart.com/
2024-08-21 12:26:20 INFO  Steps:88 - Closed the browser and quit WebDriver.
2024-08-21 12:49:13 INFO  Steps:31 - Chrome browser launched.
2024-08-21 12:49:16 INFO  Steps:50 - Opened Flipkart website: https://www.flipkart.com/
2024-08-21 12:49:17 INFO  Steps:56 - Clicked on login button.
2024-08-21 12:49:17 INFO  Steps:63 - Entered mobile number: 1234567890
2024-08-21 12:49:17 INFO  Steps:69 - Clicked on request OTP button.
2024-08-21 12:49:22 INFO  Steps:92 - Error message is displayed.
2024-08-21 12:49:22 INFO  Steps:99 - Closed the browser and quit WebDriver.
2024-08-21 12:49:23 INFO  Steps:31 - Chrome browser launched.
2024-08-21 12:49:25 INFO  Steps:50 - Opened Flipkart website: https://www.flipkart.com/
2024-08-21 12:49:27 INFO  Steps:99 - Closed the browser and quit WebDriver.
2024-08-21 12:49:28 INFO  Steps:31 - Chrome browser launched.
2024-08-21 12:49:30 INFO  Steps:50 - Opened Flipkart website: https://www.flipkart.com/
2024-08-21 13:50:56 INFO  Steps:31 - Chrome browser launched.
2024-08-21 13:50:58 INFO  Steps:50 - Opened Flipkart website: https://www.flipkart.com/
2024-08-21 13:50:59 INFO  Steps:31 - Chrome browser launched.
2024-08-21 13:51:00 INFO  Steps:50 - Opened Flipkart website: https://www.flipkart.com/
2024-08-21 13:51:01 INFO  Steps:31 - Chrome browser launched.
2024-08-21 13:51:03 INFO  Steps:50 - Opened Flipkart website: https://www.flipkart.com/
2024-08-21 13:56:16 INFO  Steps:31 - Chrome browser launched.
2024-08-21 13:56:18 INFO  Steps:50 - Opened Flipkart website: https://www.flipkart.com/
2024-08-21 13:56:23 INFO  Steps:31 - Chrome browser launched.
2024-08-21 13:56:26 INFO  Steps:50 - Opened Flipkart website: https://www.flipkart.com/
2024-08-21 13:56:31 INFO  Steps:31 - Chrome browser launched.
2024-08-21 13:56:38 INFO  Steps:50 - Opened Flipkart website: https://www.flipkart.com/
2024-08-21 13:58:15 INFO  Steps:31 - Chrome browser launched.
2024-08-21 13:58:16 INFO  Steps:50 - Opened Flipkart website: https://www.flipkart.com/
2024-08-21 13:58:21 INFO  Steps:31 - Chrome browser launched.
2024-08-21 13:58:23 INFO  Steps:50 - Opened Flipkart website: https://www.flipkart.com/
2024-08-21 13:58:27 INFO  Steps:31 - Chrome browser launched.
2024-08-21 13:58:30 INFO  Steps:50 - Opened Flipkart website: https://www.flipkart.com/
2024-08-21 14:01:18 INFO  Steps:31 - Chrome browser launched.
2024-08-21 14:01:20 INFO  Steps:50 - Opened Flipkart website: https://www.flipkart.com/
2024-08-21 14:01:46 INFO  Steps:31 - Chrome browser launched.
2024-08-21 14:01:49 INFO  Steps:50 - Opened Flipkart website: https://www.flipkart.com/
2024-08-21 14:02:14 INFO  Steps:31 - Chrome browser launched.
2024-08-21 14:02:16 INFO  Steps:50 - Opened Flipkart website: https://www.flipkart.com/
2024-08-21 14:03:26 INFO  Steps:31 - Chrome browser launched.
2024-08-21 14:03:28 INFO  Steps:50 - Opened Flipkart website: https://www.flipkart.com/
2024-08-21 14:03:54 INFO  Steps:31 - Chrome browser launched.
2024-08-21 14:03:55 INFO  Steps:50 - Opened Flipkart website: https://www.flipkart.com/
2024-08-21 14:04:21 INFO  Steps:31 - Chrome browser launched.
2024-08-21 14:04:25 INFO  Steps:50 - Opened Flipkart website: https://www.flipkart.com/
2024-08-21 14:09:10 INFO  Steps:31 - Chrome browser launched.
2024-08-21 14:09:11 INFO  Steps:50 - Opened Flipkart website: https://www.flipkart.com/
2024-08-21 14:09:37 INFO  Steps:31 - Chrome browser launched.
2024-08-21 14:09:40 INFO  Steps:50 - Opened Flipkart website: https://www.flipkart.com/
2024-08-21 14:11:36 INFO  Steps:31 - Chrome browser launched.
2024-08-21 14:11:38 INFO  Steps:50 - Opened Flipkart website: https://www.flipkart.com/
2024-08-21 14:14:15 INFO  Steps:31 - Chrome browser launched.
2024-08-21 14:14:21 INFO  Steps:50 - Opened Flipkart website: https://www.flipkart.com/
2024-08-21 14:21:05 INFO  Steps:31 - Chrome browser launched.
2024-08-21 14:21:07 INFO  Steps:50 - Opened Flipkart website: https://www.flipkart.com/
2024-08-21 14:21:32 INFO  Steps:99 - Closed the browser and quit WebDriver.
2024-08-21 14:21:57 INFO  Steps:31 - Chrome browser launched.
2024-08-21 14:21:58 INFO  Steps:50 - Opened Flipkart website: https://www.flipkart.com/
2024-08-21 14:22:23 INFO  Steps:99 - Closed the browser and quit WebDriver.
2024-08-21 14:22:25 INFO  Steps:31 - Chrome browser launched.
2024-08-21 14:22:27 INFO  Steps:50 - Opened Flipkart website: https://www.flipkart.com/
2024-08-21 14:22:51 INFO  Steps:99 - Closed the browser and quit WebDriver.
2024-08-21 14:22:52 INFO  Steps:31 - Chrome browser launched.
2024-08-21 14:22:54 INFO  Steps:50 - Opened Flipkart website: https://www.flipkart.com/
2024-08-21 14:23:18 INFO  Steps:99 - Closed the browser and quit WebDriver.
2024-08-21 15:33:20 INFO  Steps:32 - Chrome browser launched.
2024-08-21 15:33:23 INFO  Steps:51 - Opened Flipkart website: https://www.flipkart.com/
2024-08-21 15:34:54 INFO  Steps:32 - Chrome browser launched.
2024-08-21 15:34:56 INFO  Steps:51 - Opened Flipkart website: https://www.flipkart.com/
2024-08-21 15:35:46 INFO  Steps:32 - Chrome browser launched.
2024-08-21 15:35:48 INFO  Steps:51 - Opened Flipkart website: https://www.flipkart.com/
2024-08-21 15:41:12 INFO  Steps:32 - Chrome browser launched.
2024-08-21 15:41:14 INFO  Steps:51 - Opened Flipkart website: https://www.flipkart.com/
2024-08-21 15:43:28 INFO  Steps:32 - Chrome browser launched.
2024-08-21 15:43:31 INFO  Steps:51 - Opened Flipkart website: https://www.flipkart.com/
2024-08-21 15:48:05 INFO  Steps:32 - Chrome browser launched.
2024-08-21 15:48:06 INFO  Steps:51 - Opened Flipkart website: https://www.flipkart.com/
2024-08-21 15:50:19 INFO  Steps:32 - Chrome browser launched.
2024-08-21 15:50:21 INFO  Steps:51 - Opened Flipkart website: https://www.flipkart.com/
2024-08-21 15:52:41 INFO  Steps:32 - Chrome browser launched.
2024-08-21 15:52:42 INFO  Steps:51 - Opened Flipkart website: https://www.flipkart.com/
2024-08-21 15:52:44 INFO  Steps:100 - Closed the browser and quit WebDriver.
2024-08-21 15:53:11 INFO  Steps:32 - Chrome browser launched.
2024-08-21 15:53:13 INFO  Steps:51 - Opened Flipkart website: https://www.flipkart.com/
2024-08-21 15:53:15 INFO  Steps:100 - Closed the browser and quit WebDriver.
2024-08-21 15:53:53 INFO  Steps:32 - Chrome browser launched.
2024-08-21 15:53:55 INFO  Steps:51 - Opened Flipkart website: https://www.flipkart.com/
2024-08-21 15:53:57 INFO  Steps:100 - Closed the browser and quit WebDriver.
2024-08-21 15:54:13 INFO  Steps:32 - Chrome browser launched.
2024-08-21 15:54:14 INFO  Steps:51 - Opened Flipkart website: https://www.flipkart.com/
2024-08-21 15:54:19 INFO  Steps:100 - Closed the browser and quit WebDriver.
2024-08-21 15:55:45 INFO  Steps:32 - Chrome browser launched.
2024-08-21 15:55:46 INFO  Steps:51 - Opened Flipkart website: https://www.flipkart.com/
2024-08-21 15:55:51 INFO  Steps:100 - Closed the browser and quit WebDriver.
2024-08-21 15:56:11 INFO  Steps:32 - Chrome browser launched.
2024-08-21 15:56:12 INFO  Steps:51 - Opened Flipkart website: https://www.flipkart.com/
2024-08-21 15:56:58 INFO  Steps:32 - Chrome browser launched.
2024-08-21 15:56:59 INFO  Steps:51 - Opened Flipkart website: https://www.flipkart.com/
2024-08-21 15:57:05 INFO  Steps:100 - Closed the browser and quit WebDriver.
2024-08-21 15:57:31 INFO  Steps:32 - Chrome browser launched.
2024-08-21 15:57:34 INFO  Steps:51 - Opened Flipkart website: https://www.flipkart.com/
2024-08-21 15:57:39 INFO  Steps:100 - Closed the browser and quit WebDriver.
2024-08-21 15:58:26 INFO  Steps:32 - Chrome browser launched.
2024-08-21 15:58:27 INFO  Steps:51 - Opened Flipkart website: https://www.flipkart.com/
2024-08-21 15:58:38 INFO  Steps:100 - Closed the browser and quit WebDriver.
2024-08-21 16:02:05 INFO  Steps:32 - Chrome browser launched.
2024-08-21 16:02:07 INFO  Steps:51 - Opened Flipkart website: https://www.flipkart.com/
2024-08-21 16:23:41 INFO  Steps:32 - Chrome browser launched.
2024-08-21 16:23:43 INFO  Steps:51 - Opened Flipkart website: https://www.flipkart.com/
2024-08-21 16:23:53 INFO  Steps:100 - Closed the browser and quit WebDriver.
2024-08-21 16:44:05 INFO  Steps:32 - Chrome browser launched.
2024-08-21 16:44:08 INFO  Steps:51 - Opened Flipkart website: https://www.flipkart.com/
2024-08-21 16:44:20 INFO  Steps:100 - Closed the browser and quit WebDriver.
2024-08-21 16:46:40 INFO  Steps:32 - Chrome browser launched.
2024-08-21 16:46:42 INFO  Steps:51 - Opened Flipkart website: https://www.flipkart.com/
2024-08-21 16:46:53 INFO  Steps:100 - Closed the browser and quit WebDriver.
2024-08-21 16:55:56 INFO  Steps:32 - Chrome browser launched.
2024-08-21 16:55:59 INFO  Steps:51 - Opened Flipkart website: https://www.flipkart.com/
2024-08-21 16:57:21 INFO  Steps:32 - Chrome browser launched.
2024-08-21 16:57:23 INFO  Steps:51 - Opened Flipkart website: https://www.flipkart.com/
2024-08-21 17:00:53 INFO  Steps:32 - Chrome browser launched.
2024-08-21 17:00:55 INFO  Steps:51 - Opened Flipkart website: https://www.flipkart.com/
2024-08-21 17:01:38 INFO  Steps:32 - Chrome browser launched.
2024-08-21 17:01:40 INFO  Steps:51 - Opened Flipkart website: https://www.flipkart.com/
2024-08-21 17:03:28 INFO  Steps:32 - Chrome browser launched.
2024-08-21 17:03:30 INFO  Steps:51 - Opened Flipkart website: https://www.flipkart.com/
2024-08-21 17:04:19 INFO  Steps:32 - Chrome browser launched.
2024-08-21 17:04:21 INFO  Steps:51 - Opened Flipkart website: https://www.flipkart.com/
2024-08-21 17:05:00 INFO  Steps:32 - Chrome browser launched.
2024-08-21 17:05:02 INFO  Steps:51 - Opened Flipkart website: https://www.flipkart.com/
2024-08-21 17:05:05 INFO  Steps:100 - Closed the browser and quit WebDriver.
2024-08-21 17:09:11 INFO  Steps:32 - Chrome browser launched.
2024-08-21 17:09:13 INFO  Steps:51 - Opened Flipkart website: https://www.flipkart.com/
2024-08-21 17:11:02 INFO  Steps:32 - Chrome browser launched.
2024-08-21 17:11:04 INFO  Steps:51 - Opened Flipkart website: https://www.flipkart.com/
2024-08-21 17:11:40 INFO  Steps:32 - Chrome browser launched.
2024-08-21 17:11:42 INFO  Steps:51 - Opened Flipkart website: https://www.flipkart.com/
2024-08-21 17:13:37 INFO  Steps:32 - Chrome browser launched.
2024-08-21 17:13:39 INFO  Steps:51 - Opened Flipkart website: https://www.flipkart.com/
2024-08-21 17:16:05 INFO  Steps:32 - Chrome browser launched.
2024-08-21 17:16:07 INFO  Steps:51 - Opened Flipkart website: https://www.flipkart.com/
2024-08-21 17:18:27 INFO  Steps:32 - Chrome browser launched.
2024-08-21 17:18:29 INFO  Steps:51 - Opened Flipkart website: https://www.flipkart.com/
2024-08-21 17:24:40 INFO  Steps:32 - Chrome browser launched.
2024-08-21 17:24:42 INFO  Steps:51 - Opened Flipkart website: https://www.flipkart.com/
2024-08-21 17:25:44 INFO  Steps:32 - Chrome browser launched.
2024-08-21 17:25:46 INFO  Steps:51 - Opened Flipkart website: https://www.flipkart.com/
2024-08-23 12:33:50 INFO  Steps:43 - Chrome browser launched on Selenium Grid.
2024-08-23 12:33:52 INFO  Steps:49 - Opened Flipkart website: https://www.flipkart.com/
2024-08-23 12:35:23 INFO  Steps:43 - Chrome browser launched on Selenium Grid.
2024-08-23 12:35:27 INFO  Steps:49 - Opened Flipkart website: https://www.flipkart.com/
2024-08-23 12:35:29 INFO  Steps:98 - Closed the browser and quit WebDriver.
2024-08-23 17:29:59 INFO  Steps:34 - Chrome browser launched.
2024-08-23 17:30:01 INFO  Steps:50 - Opened Flipkart website: https://www.flipkart.com/
2024-08-23 17:35:22 INFO  Steps:34 - Chrome browser launched.
2024-08-23 17:35:24 INFO  Steps:50 - Opened Flipkart website: https://www.flipkart.com/
2024-08-23 17:37:37 INFO  Steps:34 - Chrome browser launched.
2024-08-23 17:37:39 INFO  Steps:50 - Opened Flipkart website: https://www.flipkart.com/
2024-08-23 17:40:52 INFO  Steps:34 - Chrome browser launched.
2024-08-23 17:40:54 INFO  Steps:50 - Opened Flipkart website: https://www.flipkart.com/
2024-08-23 17:43:40 INFO  Steps:34 - Chrome browser launched.
2024-08-23 17:43:42 INFO  Steps:50 - Opened Flipkart website: https://www.flipkart.com/
2024-08-23 17:44:42 INFO  Steps:34 - Chrome browser launched.
2024-08-23 17:44:43 INFO  Steps:50 - Opened Flipkart website: https://www.flipkart.com/
2024-08-23 17:46:23 INFO  Steps:34 - Chrome browser launched.
2024-08-23 17:46:25 INFO  Steps:50 - Opened Flipkart website: https://www.flipkart.com/
2024-08-23 17:47:35 INFO  Steps:34 - Chrome browser launched.
2024-08-23 17:47:37 INFO  Steps:50 - Opened Flipkart website: https://www.flipkart.com/
2024-08-23 17:48:49 INFO  Steps:34 - Chrome browser launched.
2024-08-23 17:48:52 INFO  Steps:50 - Opened Flipkart website: https://www.flipkart.com/
2024-08-23 17:54:17 INFO  Steps:34 - Chrome browser launched.
2024-08-23 17:54:20 INFO  Steps:50 - Opened Flipkart website: https://www.flipkart.com/
2024-08-23 17:56:42 INFO  Steps:34 - Chrome browser launched.
2024-08-23 17:56:44 INFO  Steps:50 - Opened Flipkart website: https://www.flipkart.com/
2024-08-24 09:42:51 INFO  Steps:34 - Chrome browser launched.
2024-08-24 09:42:54 INFO  Steps:50 - Opened Flipkart website: https://www.flipkart.com/
2024-08-24 09:42:56 INFO  Steps:99 - Closed the browser and quit WebDriver.
2024-08-24 11:55:49 INFO  Steps:34 - Chrome browser launched.
2024-08-24 11:55:52 INFO  Steps:50 - Opened Flipkart website: https://www.flipkart.com/
2024-08-24 12:01:30 INFO  Steps:34 - Chrome browser launched.
2024-08-24 12:01:33 INFO  Steps:50 - Opened Flipkart website: https://www.flipkart.com/
2024-08-24 12:03:08 INFO  Steps:34 - Chrome browser launched.
2024-08-24 12:03:09 INFO  Steps:50 - Opened Flipkart website: https://www.flipkart.com/
2024-08-24 12:06:49 INFO  Steps:34 - Chrome browser launched.
2024-08-24 12:06:51 INFO  Steps:50 - Opened Flipkart website: https://www.flipkart.com/
2024-08-24 12:10:06 INFO  Steps:34 - Chrome browser launched.
2024-08-24 12:10:10 INFO  Steps:50 - Opened Flipkart website: https://www.flipkart.com/
2024-08-24 12:10:53 INFO  Steps:34 - Chrome browser launched.
2024-08-24 12:10:55 INFO  Steps:50 - Opened Flipkart website: https://www.flipkart.com/
2024-08-24 12:11:09 INFO  Steps:99 - Closed the browser and quit WebDriver.
2024-08-24 12:13:25 INFO  Steps:34 - Chrome browser launched.
2024-08-24 12:13:26 INFO  Steps:50 - Opened Flipkart website: https://www.flipkart.com/
2024-08-24 12:14:16 INFO  Steps:34 - Chrome browser launched.
2024-08-24 12:14:18 INFO  Steps:50 - Opened Flipkart website: https://www.flipkart.com/
2024-08-24 12:18:35 INFO  Steps:34 - Chrome browser launched.
2024-08-24 12:18:36 INFO  Steps:50 - Opened Flipkart website: https://www.flipkart.com/
2024-08-24 12:20:36 INFO  Steps:34 - Chrome browser launched.
2024-08-24 12:20:37 INFO  Steps:50 - Opened Flipkart website: https://www.flipkart.com/
2024-08-24 12:21:16 INFO  Steps:34 - Chrome browser launched.
2024-08-24 12:21:18 INFO  Steps:50 - Opened Flipkart website: https://www.flipkart.com/
2024-08-24 12:26:17 INFO  Steps:34 - Chrome browser launched.
2024-08-24 12:26:19 INFO  Steps:50 - Opened Flipkart website: https://www.flipkart.com/
2024-08-24 12:27:40 INFO  Steps:34 - Chrome browser launched.
2024-08-24 12:27:42 INFO  Steps:50 - Opened Flipkart website: https://www.flipkart.com/
2024-08-24 12:35:01 INFO  Steps:34 - Chrome browser launched.
2024-08-24 12:35:02 INFO  Steps:50 - Opened Flipkart website: https://www.flipkart.com/
2024-08-24 12:37:13 INFO  Steps:35 - Chrome browser launched.
2024-08-24 12:37:15 INFO  Steps:51 - Opened Flipkart website: https://www.flipkart.com/
2024-08-24 12:38:00 INFO  Steps:35 - Chrome browser launched.
2024-08-24 12:38:02 INFO  Steps:51 - Opened Flipkart website: https://www.flipkart.com/
2024-08-24 12:39:27 INFO  Steps:35 - Chrome browser launched.
2024-08-24 12:39:30 INFO  Steps:51 - Opened Flipkart website: https://www.flipkart.com/
2024-08-24 12:40:45 INFO  Steps:35 - Chrome browser launched.
2024-08-24 12:40:47 INFO  Steps:51 - Opened Flipkart website: https://www.flipkart.com/
2024-08-24 12:41:24 INFO  Steps:35 - Chrome browser launched.
2024-08-24 12:41:26 INFO  Steps:51 - Opened Flipkart website: https://www.flipkart.com/
2024-08-24 12:43:19 INFO  Steps:35 - Chrome browser launched.
2024-08-24 12:43:21 INFO  Steps:51 - Opened Flipkart website: https://www.flipkart.com/
2024-08-24 12:48:16 INFO  Steps:35 - Chrome browser launched.
2024-08-24 12:48:18 INFO  Steps:51 - Opened Flipkart website: https://www.flipkart.com/
2024-08-24 12:51:05 INFO  Steps:35 - Chrome browser launched.
2024-08-24 12:51:07 INFO  Steps:51 - Opened Flipkart website: https://www.flipkart.com/
2024-08-24 12:54:02 INFO  Steps:35 - Chrome browser launched.
2024-08-24 12:54:04 INFO  Steps:51 - Opened Flipkart website: https://www.flipkart.com/
2024-08-24 14:51:16 INFO  Steps:36 - Chrome browser launched.
2024-08-24 14:51:17 INFO  Steps:52 - Opened Flipkart website: https://www.flipkart.com/
2024-08-24 14:51:48 INFO  Steps:101 - Closed the browser and quit WebDriver.
2024-08-24 14:53:03 INFO  Steps:36 - Chrome browser launched.
2024-08-24 14:53:04 INFO  Steps:52 - Opened Flipkart website: https://www.flipkart.com/
2024-08-24 14:54:21 INFO  Steps:36 - Chrome browser launched.
2024-08-24 14:54:24 INFO  Steps:52 - Opened Flipkart website: https://www.flipkart.com/
2024-08-24 14:55:25 INFO  Steps:36 - Chrome browser launched.
2024-08-24 14:55:27 INFO  Steps:52 - Opened Flipkart website: https://www.flipkart.com/
2024-08-24 14:56:11 INFO  Steps:36 - Chrome browser launched.
2024-08-24 14:56:13 INFO  Steps:52 - Opened Flipkart website: https://www.flipkart.com/
2024-08-24 15:01:30 INFO  Steps:36 - Chrome browser launched.
2024-08-24 15:01:32 INFO  Steps:52 - Opened Flipkart website: https://www.flipkart.com/
2024-08-24 15:01:56 INFO  Steps:101 - Closed the browser and quit WebDriver.
2024-08-24 15:06:58 INFO  Steps:36 - Chrome browser launched.
2024-08-24 15:07:00 INFO  Steps:52 - Opened Flipkart website: https://www.flipkart.com/
2024-08-24 15:08:00 INFO  Steps:36 - Chrome browser launched.
2024-08-24 15:08:02 INFO  Steps:52 - Opened Flipkart website: https://www.flipkart.com/
2024-08-24 15:08:26 INFO  Steps:101 - Closed the browser and quit WebDriver.
2024-08-24 15:21:15 INFO  Steps:36 - Chrome browser launched.
2024-08-24 15:21:17 INFO  Steps:52 - Opened Flipkart website: https://www.flipkart.com/
2024-08-24 15:27:10 INFO  Steps:36 - Chrome browser launched.
2024-08-24 15:27:12 INFO  Steps:52 - Opened Flipkart website: https://www.flipkart.com/
2024-08-24 15:31:10 INFO  Steps:36 - Chrome browser launched.
2024-08-24 15:31:12 INFO  Steps:52 - Opened Flipkart website: https://www.flipkart.com/
2024-08-24 15:34:00 INFO  Steps:36 - Chrome browser launched.
2024-08-24 15:34:01 INFO  Steps:52 - Opened Flipkart website: https://www.flipkart.com/
2024-08-24 15:36:31 INFO  Steps:36 - Chrome browser launched.
2024-08-24 15:36:33 INFO  Steps:52 - Opened Flipkart website: https://www.flipkart.com/
2024-08-24 15:42:03 INFO  Steps:36 - Chrome browser launched.
2024-08-24 15:42:05 INFO  Steps:52 - Opened Flipkart website: https://www.flipkart.com/
2024-08-24 15:44:51 INFO  Steps:36 - Chrome browser launched.
2024-08-24 15:44:52 INFO  Steps:52 - Opened Flipkart website: https://www.flipkart.com/
2024-08-24 15:45:04 INFO  Steps:101 - Closed the browser and quit WebDriver.
2024-08-24 15:57:34 INFO  Steps:36 - Chrome browser launched.
2024-08-24 15:57:36 INFO  Steps:52 - Opened Flipkart website: https://www.flipkart.com/
2024-08-24 15:57:37 INFO  Steps:36 - Chrome browser launched.
2024-08-24 15:57:39 INFO  Steps:52 - Opened Flipkart website: https://www.flipkart.com/
2024-08-24 15:59:54 INFO  Steps:36 - Chrome browser launched.
2024-08-24 15:59:55 INFO  Steps:52 - Opened Flipkart website: https://www.flipkart.com/
2024-08-24 15:59:56 INFO  Steps:36 - Chrome browser launched.
2024-08-24 15:59:58 INFO  Steps:52 - Opened Flipkart website: https://www.flipkart.com/
2024-08-24 16:00:24 INFO  Steps:36 - Chrome browser launched.
2024-08-24 16:00:26 INFO  Steps:52 - Opened Flipkart website: https://www.flipkart.com/
2024-08-24 16:00:26 INFO  Steps:36 - Chrome browser launched.
2024-08-24 16:00:28 INFO  Steps:52 - Opened Flipkart website: https://www.flipkart.com/
2024-08-24 16:01:48 INFO  Steps:36 - Chrome browser launched.
2024-08-24 16:01:50 INFO  Steps:52 - Opened Flipkart website: https://www.flipkart.com/
2024-08-24 16:01:51 INFO  Steps:36 - Chrome browser launched.
2024-08-24 16:01:52 INFO  Steps:52 - Opened Flipkart website: https://www.flipkart.com/
2024-08-24 17:42:07 INFO  Steps:64 - Opened Flipkart website: https://www.flipkart.com/
2024-08-24 17:42:10 INFO  Steps:64 - Opened Flipkart website: https://www.flipkart.com/
2024-08-24 17:47:15 INFO  Steps:64 - Opened Flipkart website: https://www.flipkart.com/
2024-08-24 17:47:17 INFO  Steps:64 - Opened Flipkart website: https://www.flipkart.com/
2024-08-24 17:47:45 INFO  Steps:113 - Closed the browser and quit WebDriver.
2024-08-24 17:49:38 INFO  Steps:64 - Opened Flipkart website: https://www.flipkart.com/
2024-08-24 17:49:40 INFO  Steps:64 - Opened Flipkart website: https://www.flipkart.com/
2024-08-24 17:51:50 INFO  Steps:51 - Opened Flipkart website: https://www.flipkart.com/
2024-08-24 17:52:15 INFO  Steps:100 - Closed the browser and quit WebDriver.
2024-08-24 17:52:19 INFO  Steps:51 - Opened Flipkart website: https://www.flipkart.com/
2024-08-24 17:52:47 INFO  Steps:51 - Opened Flipkart website: https://www.flipkart.com/
2024-08-24 17:53:11 INFO  Steps:100 - Closed the browser and quit WebDriver.
2024-08-24 17:54:58 INFO  Steps:51 - Opened Flipkart website: https://www.flipkart.com/
2024-08-24 17:55:23 INFO  Steps:100 - Closed the browser and quit WebDriver.
2024-08-24 17:56:13 INFO  Steps:51 - Opened Flipkart website: https://www.flipkart.com/
2024-08-24 17:56:38 INFO  Steps:100 - Closed the browser and quit WebDriver.
2024-08-24 17:57:58 INFO  Steps:51 - Opened Flipkart website: https://www.flipkart.com/
2024-08-24 17:58:23 INFO  Steps:100 - Closed the browser and quit WebDriver.
2024-08-24 17:58:55 INFO  Steps:51 - Opened Flipkart website: https://www.flipkart.com/
2024-08-24 17:59:19 INFO  Steps:100 - Closed the browser and quit WebDriver.
2024-08-24 17:59:40 INFO  Steps:51 - Opened Flipkart website: https://www.flipkart.com/
2024-08-24 18:00:05 INFO  Steps:100 - Closed the browser and quit WebDriver.
2024-08-24 18:01:24 INFO  Steps:51 - Opened Flipkart website: https://www.flipkart.com/
2024-08-24 18:01:49 INFO  Steps:100 - Closed the browser and quit WebDriver.
2024-08-24 18:04:41 INFO  Steps:51 - Opened Flipkart website: https://www.flipkart.com/
2024-08-24 18:05:05 INFO  Steps:100 - Closed the browser and quit WebDriver.
2024-08-24 18:07:00 INFO  Steps:51 - Opened Flipkart website: https://www.flipkart.com/
2024-08-24 18:07:25 INFO  Steps:100 - Closed the browser and quit WebDriver.
2024-08-24 18:09:25 INFO  Steps:51 - Opened Flipkart website: https://www.flipkart.com/
2024-08-24 18:09:50 INFO  Steps:100 - Closed the browser and quit WebDriver.
2024-08-24 18:12:28 INFO  Steps:51 - Opened Flipkart website: https://www.flipkart.com/
2024-08-24 18:12:57 INFO  Steps:51 - Opened Flipkart website: https://www.flipkart.com/
2024-08-24 18:13:22 INFO  Steps:100 - Closed the browser and quit WebDriver.
2024-08-24 21:29:06 INFO  Steps:51 - Opened Flipkart website: https://www.flipkart.com/
2024-08-24 21:29:09 INFO  Steps:51 - Opened Flipkart website: https://www.flipkart.com/
2024-08-24 21:29:12 INFO  Steps:51 - Opened Flipkart website: https://www.flipkart.com/
2024-08-24 21:31:14 INFO  Steps:51 - Opened Flipkart website: https://www.flipkart.com/
2024-08-24 21:31:17 INFO  Steps:51 - Opened Flipkart website: https://www.flipkart.com/
2024-08-24 21:31:20 INFO  Steps:51 - Opened Flipkart website: https://www.flipkart.com/
2024-08-24 21:37:47 INFO  Steps:51 - Opened Flipkart website: https://www.flipkart.com/
2024-08-24 21:37:50 INFO  Steps:51 - Opened Flipkart website: https://www.flipkart.com/
2024-08-24 21:37:53 INFO  Steps:51 - Opened Flipkart website: https://www.flipkart.com/
2024-08-25 10:12:27 INFO  Steps:51 - Opened Flipkart website: https://www.flipkart.com/
2024-08-25 10:12:30 INFO  Steps:51 - Opened Flipkart website: https://www.flipkart.com/
2024-08-25 10:12:33 INFO  Steps:51 - Opened Flipkart website: https://www.flipkart.com/
2024-08-25 10:14:48 INFO  Steps:51 - Opened Flipkart website: https://www.flipkart.com/
2024-08-25 10:15:02 INFO  Steps:51 - Opened Flipkart website: https://www.flipkart.com/
2024-08-25 10:15:17 INFO  Steps:51 - Opened Flipkart website: https://www.flipkart.com/
2024-08-25 10:16:54 INFO  Steps:51 - Opened Flipkart website: https://www.flipkart.com/
2024-08-25 10:17:08 INFO  Steps:51 - Opened Flipkart website: https://www.flipkart.com/
2024-08-25 10:17:27 INFO  Steps:51 - Opened Flipkart website: https://www.flipkart.com/
2024-08-25 10:22:35 INFO  Steps:51 - Opened Flipkart website: https://www.flipkart.com/
2024-08-25 10:22:52 INFO  Steps:51 - Opened Flipkart website: https://www.flipkart.com/
2024-08-25 10:22:55 INFO  Steps:51 - Opened Flipkart website: https://www.flipkart.com/
2024-08-25 10:25:05 INFO  Steps:51 - Opened Flipkart website: https://www.flipkart.com/
2024-08-25 10:25:20 INFO  Steps:51 - Opened Flipkart website: https://www.flipkart.com/
2024-08-25 10:25:40 INFO  Steps:51 - Opened Flipkart website: https://www.flipkart.com/
2024-08-25 10:27:58 INFO  Steps:51 - Opened Flipkart website: https://www.flipkart.com/
2024-08-25 10:28:13 INFO  Steps:51 - Opened Flipkart website: https://www.flipkart.com/
2024-08-25 10:28:32 INFO  Steps:51 - Opened Flipkart website: https://www.flipkart.com/
2024-08-25 10:31:04 INFO  Steps:51 - Opened Flipkart website: https://www.flipkart.com/
2024-08-25 10:31:18 INFO  Steps:100 - Closed the browser and quit WebDriver.
2024-08-25 10:31:20 INFO  Steps:51 - Opened Flipkart website: https://www.flipkart.com/
2024-08-25 10:31:34 INFO  Steps:100 - Closed the browser and quit WebDriver.
2024-08-25 10:31:37 INFO  Steps:51 - Opened Flipkart website: https://www.flipkart.com/
2024-08-25 10:31:51 INFO  Steps:100 - Closed the browser and quit WebDriver.
2024-08-25 10:33:13 INFO  Steps:51 - Opened Flipkart website: https://www.flipkart.com/
2024-08-25 10:33:27 INFO  Steps:51 - Opened Flipkart website: https://www.flipkart.com/
2024-08-25 10:33:41 INFO  Steps:100 - Closed the browser and quit WebDriver.
2024-08-25 10:33:44 INFO  Steps:51 - Opened Flipkart website: https://www.flipkart.com/
2024-08-25 10:33:57 INFO  Steps:100 - Closed the browser and quit WebDriver.
2024-08-25 10:35:29 INFO  Steps:51 - Opened Flipkart website: https://www.flipkart.com/
2024-08-25 10:35:43 INFO  Steps:100 - Closed the browser and quit WebDriver.
2024-08-25 11:31:48 INFO  Steps:38 - Opened Flipkart website: https://www.flipkart.com/
2024-08-25 11:32:02 INFO  Steps:87 - Closed the browser and quit WebDriver.
2024-08-25 11:34:39 INFO  Steps:26 - Opened Flipkart website: https://www.flipkart.com/
2024-08-25 11:34:53 INFO  Steps:238 - Closed the browser and quit WebDriver.
2024-08-25 11:36:08 INFO  Steps:26 - Opened Flipkart website: https://www.flipkart.com/
2024-08-25 11:36:17 INFO  Steps:26 - Opened Flipkart website: https://www.flipkart.com/
2024-08-25 11:36:25 INFO  Steps:26 - Opened Flipkart website: https://www.flipkart.com/
2024-08-25 11:36:33 INFO  Steps:26 - Opened Flipkart website: https://www.flipkart.com/
2024-08-25 11:36:47 INFO  Steps:233 - Closed the browser and quit WebDriver.
2024-08-25 11:36:51 INFO  Steps:26 - Opened Flipkart website: https://www.flipkart.com/
2024-08-25 11:36:56 INFO  Steps:26 - Opened Flipkart website: https://www.flipkart.com/
2024-08-25 11:37:01 INFO  Steps:26 - Opened Flipkart website: https://www.flipkart.com/
2024-08-25 11:38:04 INFO  Steps:38 - Opened Flipkart website: https://www.flipkart.com/
2024-08-25 11:38:29 INFO  Steps:87 - Closed the browser and quit WebDriver.
2024-08-25 11:38:34 INFO  Steps:38 - Opened Flipkart website: https://www.flipkart.com/
2024-08-25 11:38:58 INFO  Steps:87 - Closed the browser and quit WebDriver.
2024-08-25 11:39:03 INFO  Steps:38 - Opened Flipkart website: https://www.flipkart.com/
2024-08-25 11:39:28 INFO  Steps:87 - Closed the browser and quit WebDriver.
2024-08-25 11:39:32 INFO  Steps:38 - Opened Flipkart website: https://www.flipkart.com/
2024-08-25 11:39:52 INFO  Steps:87 - Closed the browser and quit WebDriver.
2024-08-25 11:39:57 INFO  Steps:38 - Opened Flipkart website: https://www.flipkart.com/
2024-08-25 11:40:05 INFO  Steps:38 - Opened Flipkart website: https://www.flipkart.com/
2024-08-25 11:40:09 INFO  Steps:38 - Opened Flipkart website: https://www.flipkart.com/
2024-08-25 14:53:00 INFO  Steps:38 - Opened Flipkart website: https://www.flipkart.com/
2024-08-25 14:54:04 INFO  Steps:38 - Opened Flipkart website: https://www.flipkart.com/
2024-08-25 14:55:03 INFO  Steps:38 - Opened Flipkart website: https://www.flipkart.com/
2024-08-25 14:59:12 INFO  Steps:38 - Opened Flipkart website: https://www.flipkart.com/
2024-08-25 15:00:58 INFO  Steps:38 - Opened Flipkart website: https://www.flipkart.com/
2024-08-25 15:01:29 INFO  Steps:38 - Opened Flipkart website: https://www.flipkart.com/
2024-08-25 15:02:11 INFO  Steps:38 - Opened Flipkart website: https://www.flipkart.com/
2024-08-25 15:03:42 INFO  Steps:38 - Opened Flipkart website: https://www.flipkart.com/
2024-08-25 15:04:40 INFO  Steps:38 - Opened Flipkart website: https://www.flipkart.com/
2024-08-25 15:04:45 INFO  Steps:87 - Closed the browser and quit WebDriver.
